RLU8 Object Linker, Ver.1.51.2 Linkage Information
[Wed Aug 05 17:55:08 2015]


                         ------------------
                          Control Synopsis
                         ------------------

I/O controls:    D  SD NS NA
Other controls: CC STACK( 0100H(256) )
                COMB( $$content_of_init $$end_of_init )
                COMB( $$init_info $$init_info_end )



                        ------------------------
                         Object Module Synopsis
                        ------------------------
                                                                Creator
Module Name           File Name                                 CCU8     RASU8
-----------           ---------                                 -----    -----
i2c                   _output\_obj\i2c.obj                      3.41     1.61
irq                   _output\_obj\irq.obj                      3.41     1.61
main                  _output\_obj\main.obj                     3.41     1.61
ml610112              _output\_obj\ml610112.obj                 -.--     1.61
tbc                   _output\_obj\tbc.obj                      3.41     1.61
timer                 _output\_obj\timer.obj                    3.41     1.61
uart                  _output\_obj\uart.obj                     3.41     1.61
sprintf_nn            C:\PROGRA~2\U8Dev\Lib\LU8100sw.lib        -.--     1.04
ULDIVSW               C:\PROGRA~2\U8Dev\Lib\longu8.lib          -.--     1.04
DIV32SW               C:\PROGRA~2\U8Dev\Lib\longu8.lib          -.--     1.04
UIDIVSW               C:\PROGRA~2\U8Dev\Lib\longu8.lib          -.--     1.04
FDIVSW                C:\PROGRA~2\U8Dev\Lib\doubleu8.lib        -.--     1.04
DSUBSW                C:\PROGRA~2\U8Dev\Lib\doubleu8.lib        -.--     1.04
FSUBSW                C:\PROGRA~2\U8Dev\Lib\doubleu8.lib        -.--     1.04
FTOESW                C:\PROGRA~2\U8Dev\Lib\doubleu8.lib        -.--     1.04
ROUNSW                C:\PROGRA~2\U8Dev\Lib\doubleu8.lib        -.--     1.04
NORMSW                C:\PROGRA~2\U8Dev\Lib\doubleu8.lib        -.--     1.04
memcpy_nf             C:\PROGRA~2\U8Dev\Lib\LU8100sw.lib        -.--     1.04
strcat_nn             C:\PROGRA~2\U8Dev\Lib\LU8100sw.lib        -.--     1.04
CIDIMOSW              C:\PROGRA~2\U8Dev\Lib\longu8.lib          -.--     1.04
EDIVSW                C:\PROGRA~2\U8Dev\Lib\doubleu8.lib        -.--     1.04
CMPFSW                C:\PROGRA~2\U8Dev\Lib\doubleu8.lib        -.--     1.04
ETOFSW                C:\PROGRA~2\U8Dev\Lib\doubleu8.lib        -.--     1.04
DADDSW                C:\PROGRA~2\U8Dev\Lib\doubleu8.lib        -.--     1.04
EADDSW                C:\PROGRA~2\U8Dev\Lib\doubleu8.lib        -.--     1.04
SHIFTSW               C:\PROGRA~2\U8Dev\Lib\doubleu8.lib        -.--     1.04
ETODSW                C:\PROGRA~2\U8Dev\Lib\doubleu8.lib        -.--     1.04
DTOESW                C:\PROGRA~2\U8Dev\Lib\doubleu8.lib        -.--     1.04
FADDSW                C:\PROGRA~2\U8Dev\Lib\doubleu8.lib        -.--     1.04
DCMPSW                C:\PROGRA~2\U8Dev\Lib\doubleu8.lib        -.--     1.04
ECMPSW                C:\PROGRA~2\U8Dev\Lib\doubleu8.lib        -.--     1.04
FCMPSW                C:\PROGRA~2\U8Dev\Lib\doubleu8.lib        -.--     1.04
FILDSW                C:\PROGRA~2\U8Dev\Lib\doubleu8.lib        -.--     1.04
LTOESW                C:\PROGRA~2\U8Dev\Lib\doubleu8.lib        -.--     1.04
DMULSW                C:\PROGRA~2\U8Dev\Lib\doubleu8.lib        -.--     1.04
EMULSW                C:\PROGRA~2\U8Dev\Lib\doubleu8.lib        -.--     1.04
FTODSW                C:\PROGRA~2\U8Dev\Lib\doubleu8.lib        -.--     1.04
IMULSW                C:\PROGRA~2\U8Dev\Lib\longu8.lib          -.--     1.04
strcpy_nn             C:\PROGRA~2\U8Dev\Lib\LU8100sw.lib        -.--     1.04
xprintf_nn            C:\PROGRA~2\U8Dev\Lib\LU8100sw.lib        -.--     1.04
xctype                C:\PROGRA~2\U8Dev\Lib\LU8100sw.lib        -.--     1.04
strchr_n              C:\PROGRA~2\U8Dev\Lib\LU8100sw.lib        -.--     1.04
xputfld               C:\PROGRA~2\U8Dev\Lib\LU8100sw.lib        -.--     1.04
xldtob                C:\PROGRA~2\U8Dev\Lib\LU8100sw.lib        -.--     1.04
DNEGSW                C:\PROGRA~2\U8Dev\Lib\doubleu8.lib        -.--     1.04
DDIVSW                C:\PROGRA~2\U8Dev\Lib\doubleu8.lib        -.--     1.04
SLDIVSW               C:\PROGRA~2\U8Dev\Lib\longu8.lib          -.--     1.04
xgenld                C:\PROGRA~2\U8Dev\Lib\LU8100sw.lib        -.--     1.04
SIDIVSW               C:\PROGRA~2\U8Dev\Lib\longu8.lib          -.--     1.04
strlen_f              C:\PROGRA~2\U8Dev\Lib\LU8100sw.lib        -.--     1.04
ldiv                  C:\PROGRA~2\U8Dev\Lib\LU8100sw.lib        -.--     1.04
xldunsca              C:\PROGRA~2\U8Dev\Lib\LU8100sw.lib        -.--     1.04
xdnorm                C:\PROGRA~2\U8Dev\Lib\LU8100sw.lib        -.--     1.04
SLDIMOSW              C:\PROGRA~2\U8Dev\Lib\longu8.lib          -.--     1.04
memcpy_ff             C:\PROGRA~2\U8Dev\Lib\LU8100sw.lib        -.--     1.04
memcpy_fn             C:\PROGRA~2\U8Dev\Lib\LU8100sw.lib        -.--     1.04
SIDIMOSW              C:\PROGRA~2\U8Dev\Lib\longu8.lib          -.--     1.04
DILDSW                C:\PROGRA~2\U8Dev\Lib\doubleu8.lib        -.--     1.04
DTOLSW                C:\PROGRA~2\U8Dev\Lib\doubleu8.lib        -.--     1.04
ETOLSW                C:\PROGRA~2\U8Dev\Lib\doubleu8.lib        -.--     1.04
SIMODSW               C:\PROGRA~2\U8Dev\Lib\longu8.lib          -.--     1.04
LMULSW                C:\PROGRA~2\U8Dev\Lib\longu8.lib          -.--     1.04
xlitob                C:\PROGRA~2\U8Dev\Lib\LU8100sw.lib        -.--     1.04
ULMODSW               C:\PROGRA~2\U8Dev\Lib\longu8.lib          -.--     1.04
strcmp_nn             C:\PROGRA~2\U8Dev\Lib\LU8100sw.lib        -.--     1.04


Number of Modules: 65

Number of Symbols:
 +---------------------------------------------------------------------------+
 |          | CODE | DATA | BIT  |NVDATA|NVBIT |TABLE |NUMBER| TBIT || total |
 |----------+------+------+------+------+------+------+------+------++-------|
 | SEGMENT  |   163|     6|     0|     0|     0|    51|      |      ||    220|
 |----------+------+------+------+------+------+------+------+------++-------|
 | COMMUNAL |     0|    13|     0|     0|     0|     0|      |      ||     13|
 |----------+------+------+------+------+------+------+------+------++-------|
 | PUBLIC   |   114|     0|     0|     0|     0|    17|     0|     0||    131|
 +---------------------------------------------------------------------------+

Target:  ML610112 
Model:   SMALL


Memory Map - Program memory space #0:
      Type     Start      Stop
     -----------------------------
      ROM      00:0000    00:7FFF

Memory Map - Data memory space #0:
      Type     Start      Stop
     -----------------------------
      RAM      00:E000    00:FFFF

Memory Map - Memory space above #1:
      Type     Start      Stop
     -----------------------------
      ROM      02:0000    02:0FFF
      ROM      08:0000    08:7FFF
      ROM      0A:0000    0A:0FFF

                         ------------------
                          Segment Synopsis
                         ------------------

Link Map - Program memory space #0 ( ROMWINDOW: 0000 - 7FFF )

      Type     Start      Stop       Size              Name
     -------------------------------------------------------
      S CODE   00:0000    00:0001    0002(2)           (absolute)
      S CODE   00:0002    00:0003    0002(2)           (absolute)
      S CODE   00:0004    00:0005    0002(2)           (absolute)
      S TABLE  00:0006    00:0007    0002(2)           $$TABsensor_addr$main
      S CODE   00:0008    00:0009    0002(2)           (absolute)
      S TABLE  00:000A    00:000A    0001(1)           $$TABRED_DATA_LSBs$main
>GAP<          00:000B    00:000B    0001(1)           (ROM)
      S CODE   00:000C    00:0077    006C(108)         (absolute)
      S TABLE  00:0078    00:00C7    0050(80)          $$XNTABxldtob
      S TABLE  00:00C8    00:011F    0058(88)          $$XNTABxprintf_nn
      S TABLE  00:0120    00:0135    0016(22)          $$TAB$$S36$main
      S TABLE  00:0136    00:014A    0015(21)          $$TAB$$S37$main
>GAP<          00:014B    00:014B    0001(1)           (ROM)
      S TABLE  00:014C    00:01CB    0080(128)         $$TABLE_SEGMENT
      S TABLE  00:01CC    00:01E0    0015(21)          $$TAB$$S297$main
>GAP<          00:01E1    00:01E1    0001(1)           (ROM)
      S TABLE  00:01E2    00:01F8    0017(23)          $$TAB$$S150$main
>GAP<          00:01F9    00:01F9    0001(1)           (ROM)
      S TABLE  00:01FA    00:020F    0016(22)          $$TAB$$S171$main
      S TABLE  00:0210    00:0224    0015(21)          $$TAB$$S202$main
>GAP<          00:0225    00:0225    0001(1)           (ROM)
      S TABLE  00:0226    00:0239    0014(20)          $$TAB$$S213$main
      S TABLE  00:023A    00:0251    0018(24)          $$TAB$$S214$main
      S TABLE  00:0252    00:0264    0013(19)          $$TAB$$S305$main
>GAP<          00:0265    00:0265    0001(1)           (ROM)
      S TABLE  00:0266    00:0285    0020(32)          $$NINITTAB
      S TABLE  00:0286    00:02A7    0022(34)          $$XNTABxlitob
      S TABLE  00:02A8    00:02AF    0008(8)           $$init_info
      S TABLE  00:02B0    00:02B1    0002(2)           $$init_info_end
      S TABLE  00:02B2    00:02B2    0001(1)           $$TABMODE_CONTROL1$main
>GAP<          00:02B3    00:02B3    0001(1)           (ROM)
      S TABLE  00:02B4    00:02B4    0001(1)           $$TABMODE_CONTROL2$main
>GAP<          00:02B5    00:02B5    0001(1)           (ROM)
      S TABLE  00:02B6    00:02B6    0001(1)           $$TABMODE_CONTROL3$main
>GAP<          00:02B7    00:02B7    0001(1)           (ROM)
      S TABLE  00:02B8    00:02C1    000A(10)          $$TAB_uartSetParam$main
      S TABLE  00:02C2    00:02C2    0001(1)           $$TABPERSISTENCE$main
>GAP<          00:02C3    00:02C3    0001(1)           (ROM)
      S CODE   00:02C4    00:02ED    002A(42)          $$uart_PortSet$uart
      S CODE   00:02EE    00:0309    001C(28)          $$_intT16HINT$irq
      S CODE   00:030A    00:0325    001C(28)          $$_intPB0INT$irq
      S CODE   00:0326    00:0333    000E(14)          $$RGB_OFF$main
      S CODE   00:0334    00:034F    001C(28)          $$_intPB1INT$irq
      S CODE   00:0350    00:0399    004A(74)          $$XNCODmemcpy_ff
      S CODE   00:039A    00:0491    00F8(248)         $$uart_continue$uart
      S CODE   00:0492    00:04AD    001C(28)          $$_intPA0INT$irq
      S CODE   00:04AE    00:04F1    0044(68)          $$XNCODmemcpy_fn
      S CODE   00:04F2    00:050D    001C(28)          $$_intPA1INT$irq
      S CODE   00:050E    00:0517    000A(10)          $$LED_ON$main
      S CODE   00:0518    00:0533    001C(28)          $$_intCMP1INT$irq
      S CODE   00:0534    00:0541    000E(14)          $$BLUE_ON$main
      S CODE   00:0542    00:05A7    0066(102)         $$f_sort$main
      S CODE   00:05A8    00:05AF    0008(8)           $$main_reqNotHalt$main
      S CODE   00:05B0    00:05CB    001C(28)          $$_intCMP0INT$irq
      S CODE   00:05CC    00:08D1    0306(774)         $$rgb_2_hsl$main
      S CODE   00:08D2    00:08D5    0004(4)           $$_intUart$main
      S CODE   00:08D6    00:0903    002E(46)          $$write$main
      S CODE   00:0904    00:0905    0002(2)           $$_intUndefHdr$irq
      S CODE   00:0906    00:0906    0000(0)           $$content_of_init
      S CODE   00:0906    00:0907    0002(2)           $$end_of_init
      S CODE   00:0908    00:0915    000E(14)          $$uart_ErrSet$uart
      S CODE   00:0916    00:0931    001C(28)          $$_intTM8INT$irq
      S CODE   00:0932    00:094D    001C(28)          $$_intTM9INT$irq
      S CODE   00:094E    00:096D    0020(32)          $$normu8sw
      S CODE   00:096E    00:0989    001C(28)          $$_intTMEINT$irq
      S CODE   00:098A    00:09A9    0020(32)          $$ulmodu8sw
      S CODE   00:09AA    00:09C5    001C(28)          $$_intTMAINT$irq
      S CODE   00:09C6    00:0A29    0064(100)         $$PortD_Low$main
      S CODE   00:0A2A    00:0C0F    01E6(486)         $$XNCODxlitob
      S CODE   00:0C10    00:0C31    0022(34)          $$shiftu8sw
      S CODE   00:0C32    00:0C4D    001C(28)          $$_intUA0INT$irq
      S CODE   00:0C4E    00:0C69    001C(28)          $$_intUA1INT$irq
      S CODE   00:0C6A    00:0C79    0010(16)          $$simodu8sw
      S CODE   00:0C7A    00:0C97    001E(30)          $$XNCODstrcpy_nn
      S CODE   00:0C98    00:0D21    008A(138)         $$XNCODxldunsca
      S CODE   00:0D22    00:0DA5    0084(132)         $$i2c_startReceive$i2c
      S CODE   00:0DA6    00:0DB1    000C(12)          $$roundu8sw
      S CODE   00:0DB2    00:0DE7    0036(54)          $$ndmulu8sw
      S CODE   00:0DE8    00:0DFB    0014(20)          $$main_clrWDT$main
      S CODE   00:0DFC    00:0E27    002C(44)          $$nfildu8sw
      S CODE   00:0E28    00:0E51    002A(42)          $$ndtolu8sw
      S CODE   00:0E52    00:0E77    0026(38)          $$nftodu8sw
      S CODE   00:0E78    00:12DD    0466(1126)        $$XNCODxldtob
      S CODE   00:12DE    00:130F    0032(50)          $$irq_setHdr$irq
      S CODE   00:1310    00:13CF    00C0(192)         $$NOPms$main
      S CODE   00:13D0    00:1425    0056(86)          $$uart_startSend$uart
      S CODE   00:1426    00:1429    0004(4)           $$irq_di$irq
      S CODE   00:142A    00:142D    0004(4)           $$irq_ei$irq
      S CODE   00:142E    00:1449    001C(28)          $$_intT2HINT$irq
      S CODE   00:144A    00:147F    0036(54)          $$ndaddu8sw
      S CODE   00:1480    00:14AF    0030(48)          $$ndcmpu8sw
      S CODE   00:14B0    00:14E9    003A(58)          $$nfaddu8sw
      S CODE   00:14EA    00:1519    0030(48)          $$nfcmpu8sw
      S CODE   00:151A    00:1543    002A(42)          $$lloadu8sw
      S CODE   00:1544    00:1585    0042(66)          $$lmulu8sw
      S CODE   00:1586    00:21EF    0C6A(3178)        $$PrintToScreen$main
      S CODE   00:21F0    00:21F1    0002(2)           $$_intNullHdr$irq
      S CODE   00:21F2    00:2203    0012(18)          $$_funcI2CFin$main
      S CODE   00:2204    00:2257    0054(84)          $$floadu8sw
      S CODE   00:2258    00:239D    0146(326)         $$uart_init$uart
      S CODE   00:239E    00:23C7    002A(42)          $$uart_PortClear$uart
      S CODE   00:23C8    00:24C1    00FA(250)         $$daddu8sw
      S CODE   00:24C2    00:251B    005A(90)          $$dcmpu8sw
      S CODE   00:251C    00:262B    0110(272)         $$FlashLEDs$main
      S CODE   00:262C    00:2653    0028(40)          $$dildu8sw
      S CODE   00:2654    00:278D    013A(314)         $$dmulu8sw
      S CODE   00:278E    00:27B7    002A(42)          $$imulu8sw
      S CODE   00:27B8    00:2829    0072(114)         $$dloadu8sw
      S CODE   00:282A    00:28ED    00C4(196)         $$PortB_Low$main
      S CODE   00:28EE    00:2A13    0126(294)         $$i2c_init$i2c
      S CODE   00:2A14    00:2A2F    001C(28)          $$_intPWDINT$irq
      S CODE   00:2A30    00:2A3D    000E(14)          $$RED_ON$main
      S CODE   00:2A3E    00:2A59    001C(28)          $$_intPWEINT$irq
      S CODE   00:2A5A    00:2F37    04DE(1246)        $$XNCODxprintf_nn
      S CODE   00:2F38    00:2F53    001C(28)          $$_intPWFINT$irq
      S CODE   00:2F54    00:2F9F    004C(76)          $$PortA_Low$main
      S CODE   00:2FA0    00:2FBB    001C(28)          $$_intPWCINT$irq
      S CODE   00:2FBC    00:300B    0050(80)          $$getABS$main
      S CODE   00:300C    00:3043    0038(56)          $$tm_init$timer
      S CODE   00:3044    00:3071    002E(46)          $$i2c_stop$i2c
      S CODE   00:3072    00:3535    04C4(1220)        $$XNCODxgenld
      S CODE   00:3536    00:3547    0012(18)          $$ndnegu8sw
      S CODE   00:3548    00:3567    0020(32)          $$uldivu8sw
      S CODE   00:3568    00:3571    000A(10)          $$_branchHdr$irq
      S CODE   00:3572    00:35D1    0060(96)          $$sldimou8sw
      S CODE   00:35D2    00:37B7    01E6(486)         $$main$main
      S CODE   00:37B8    00:37DD    0026(38)          $$XNCODstrlen_f
      S CODE   00:37DE    00:3801    0024(36)          $$XNCODstrchr_n
      S CODE   00:3802    00:385B    005A(90)          $$irq_init$irq
      S CODE   00:385C    00:38A7    004C(76)          $$I2C_Write$main
      S CODE   00:38A8    00:38C3    001C(28)          $$uart_stop$uart
      S CODE   00:38C4    00:38D1    000E(14)          $$sidivu8sw
      S CODE   00:38D2    00:3995    00C4(196)         $$PortC_Low$main
      S CODE   00:3996    00:39AF    001A(26)          $$sldivu8sw
      S CODE   00:39B0    00:39EF    0040(64)          $$cidimou8sw
      S CODE   00:39F0    00:3A23    0034(52)          $$sidimou8sw
      S CODE   00:3A24    00:3B09    00E6(230)         $$Initialization$main
      S CODE   00:3B0A    00:3B15    000C(12)          $$uidivu8sw
      S CODE   00:3B16    00:3B27    0012(18)          $$_funcUartFin$main
      S CODE   00:3B28    00:3B33    000C(12)          $$_intI2c$main
      S CODE   00:3B34    00:3F2D    03FA(1018)        $$RGB_dataacq$main
      S CODE   00:3F2E    00:3F41    0014(20)          $$ndsubu8sw
      S CODE   00:3F42    00:3F55    0014(20)          $$nfsubu8sw
      S CODE   00:3F56    00:3F93    003E(62)          $$lstoru8sw
      S CODE   00:3F94    00:41F5    0262(610)         $$i2c_continue$i2c
      S CODE   00:41F6    00:4211    001C(28)          $$_intPB2INT$irq
      S CODE   00:4212    00:422D    001C(28)          $$_intPB3INT$irq
      S CODE   00:422E    00:42B5    0088(136)         $$fstoru8sw
      S CODE   00:42B6    00:4333    007E(126)         $$hsl_filter_average$main
      S CODE   00:4334    00:434F    001C(28)          $$_intPA2INT$irq
      S CODE   00:4350    00:436B    001C(28)          $$_intT32HINT$irq
      S CODE   00:436C    00:4379    000E(14)          $$GREEN_ON$main
      S CODE   00:437A    00:4395    001C(28)          $$_intVLSINT$irq
      S CODE   00:4396    00:44F7    0162(354)         $$XNCODxdnorm
      S CODE   00:44F8    00:455D    0066(102)         $$XNCODldiv
      S CODE   00:455E    00:457D    0020(32)          $$SetOSC$main
      S CODE   00:457E    00:45B3    0036(54)          $$nddivu8sw
      S CODE   00:45B4    00:461F    006C(108)         $$XNCODsprintf_nn
      S CODE   00:4620    00:4659    003A(58)          $$nfdivu8sw
      S CODE   00:465A    00:4675    001C(28)          $$_intSADINT$irq
      S CODE   00:4676    00:4691    001C(28)          $$_intT128HINT$irq
      S CODE   00:4692    00:469F    000E(14)          $$LED_OFF$main
      S CODE   00:46A0    00:4B39    049A(1178)        $$XNCODxputfld
      S CODE   00:4B3A    00:4B85    004C(76)          $$I2C_Read$main
      S CODE   00:4B86    00:4B9F    001A(26)          $$_intWDTINT$irq
      S CODE   00:4BA0    00:4BC7    0028(40)          $$XNCODstrcat_nn
      S CODE   00:4BC8    00:4C7B    00B4(180)         $$dstoru8sw
      S CODE   00:4C7C    00:4C97    001C(28)          $$_intTMFINT$irq
      S CODE   00:4C98    00:4CB3    001C(28)          $$_intTMBINT$irq
      S CODE   00:4CB4    00:4CCF    001C(28)          $$_intI2CSINT$irq
      S CODE   00:4CD0    00:4E0F    0140(320)         $$ddivu8sw
      S CODE   00:4E10    00:4E2B    001C(28)          $$_intSIO0INT$irq
      S CODE   00:4E2C    00:4E47    001C(28)          $$cmpfu8sw
      S CODE   00:4E48    00:4E75    002E(46)          $$div32u8sw
      S CODE   00:4E76    00:4E91    001C(28)          $$_intI2CMINT$irq
      S CODE   00:4E92    00:4F21    0090(144)         $$NCODml610112sw
      S CODE   00:4F22    00:4F5F    003E(62)          $$XNCODmemcpy_nf
      S CODE   00:4F60    00:4FD5    0076(118)         $$i2c_startSend$i2c
      S TABLE  00:4FD6    00:50DA    0105(261)         $$XFTABxctype
>GAP<          00:50DB    00:7FDF    2F05(12037)       (ROM)
      S CODE   00:7FE0    00:7FFF    0020(32)          (absolute)


Link Map - Data memory space #0

      Type     Start      Stop       Size              Name
     -------------------------------------------------------
      Q ROMWIN 00:0000    00:7FFF    8000(32768)       (ROMWIN)
>GAP<          00:E000.0  00:EAA1.7  0AA2.0(2722.0)    (RAM)
      S DATA   00:EAA2    00:EBA1    0100(256)         $STACK
      S DATA   00:EBA2    00:EBA2    0001(1)           $$NVARuart
>GAP<          00:EBA3.0  00:EBA3.7  0001.0(1.0)       (RAM)
      C DATA   00:EBA4    00:EBA5    0002(2)           _rawG
      C DATA   00:EBA6    00:EBA7    0002(2)           _rawR
      C DATA   00:EBA8    00:EBA9    0002(2)           _rawC
      C DATA   00:EBAA    00:EBAB    0002(2)           _rawB
      S DATA   00:EBAC    00:EBE9    003E(62)          $$NVARirq
      C DATA   00:EBEA    00:EBF5    000C(12)          _flSensorOut
      C DATA   00:EBF6    00:EBF6    0001(1)           __flgADCFin
      C DATA   00:EBF7    00:EBF7    0001(1)           __reqNotHalt
      C DATA   00:EBF8    00:EBF9    0002(2)           _filter_flag
      C DATA   00:EBFA    00:EBFB    0002(2)           _isMatched
      S DATA   00:EBFC    00:EEA5    02AA(682)         $$NVARmain
      C DATA   00:EEA6    00:EEAB    0006(6)           _uniRawSensorOut
      S DATA   00:EEAC    00:EECB    0020(32)          $$NINITVAR
      C DATA   00:EECC    00:EFBB    00F0(240)         _hsl_colors
      S DATA   00:EFBC    00:EFFD    0042(66)          $$XNVARxprintf_nn
      C DATA   00:EFFE    00:EFFE    0001(1)           __flgI2CFin
      C DATA   00:EFFF    00:EFFF    0001(1)           __flgUartFin
      Q SFR    00:F000    00:FFFF    1000(4096)        (SFR)


Link Map - Memory space above #1

      Type     Start      Stop       Size              Name
     -------------------------------------------------------
 ---
      S TABLE  02:0000    02:0FFF    1000(4096)        (absolute)
 ---
      S TABLE  08:0000    08:7FFF    8000(32768)       (absolute)
 ---
      S TABLE  0A:0000    0A:0FFF    1000(4096)        (absolute)


Not Linked segments:

      Module Name         Type       Size              Segment Name 
     --------------------------------------------------------------
      i2c
                          CODE       0006(6)           $$i2c_getTransSize$i2c
                          CODE       0012(18)          $$i2c_checkIRQ$i2c
                          CODE       0006(6)           $$i2c_clearIRQ$i2c
     --------------------------------------------------------------
      main
                          CODE       0174(372)         $$RUN_COLOR_DETECTION$main
                          TABLE      0001(1)           $$TABBLUE_DATA_MSBs$main
                          TABLE      0001(1)           $$TABBLUE_DATA_LSBs$main
                          TABLE      0008(8)           $$TAB$$S134$main
                          TABLE      0008(8)           $$TAB$$S135$main
                          TABLE      0008(8)           $$TAB$$S136$main
                          TABLE      0008(8)           $$TAB$$S138$main
                          TABLE      0008(8)           $$TAB$$S139$main
                          TABLE      0008(8)           $$TAB$$S140$main
                          TABLE      0008(8)           $$TAB$$S141$main
                          TABLE      0003(3)           $$TAB$$S142$main
                          TABLE      0003(3)           $$TAB$$S144$main
                          TABLE      0003(3)           $$TAB$$S145$main
                          TABLE      0008(8)           $$TAB$$S137$main
                          TABLE      0003(3)           $$TAB$$S143$main
                          TABLE      0001(1)           $$TABGREEN_DATA_MSBs$main
                          CODE       0016(22)          $$ReverseBits$main
                          TABLE      0001(1)           $$TABGREEN_DATA_LSBs$main
                          TABLE      0001(1)           $$TABINTERRUPT$main
                          TABLE      0001(1)           $$TABRED_DATA_MSBs$main
                          TABLE      0000(0)           $$NTABmain
                          CODE       2048(8264)        $$Color_Detection_DEMO$main
                          TABLE      0001(1)           $$TABSYSTEM_CONTROL$main
                          CODE       005A(90)          $$OutputPWM$main
                          CODE       033A(826)         $$hsl_load$main
                          TABLE      0001(1)           $$TABBH1745_A$main
                          TABLE      0001(1)           $$TABBH1745_B$main
                          TABLE      0010(16)          $$NTABADC_Read$main
                          CODE       0008(8)           $$_intADC$main
                          TABLE      0001(1)           $$TABMANUFACTURER_ID$main
                          CODE       013C(316)         $$ADC_Read$main
     --------------------------------------------------------------
      uart
                          CODE       0006(6)           $$uart_clearIRQ$uart
                          CODE       0012(18)          $$uart_checkIRQ$uart
                          CODE       0008(8)           $$uart_ErrClr$uart
                          CODE       0006(6)           $$uart_ErrGet$uart
                          CODE       0006(6)           $$uart_getTransSize$uart
                          CODE       0042(66)          $$uart_startReceive$uart
     --------------------------------------------------------------
      strcmp_nn
                          CODE       002A(42)          $$XNCODstrcmp_nn
     --------------------------------------------------------------


Total size (CODE  ) = 04DA6   (19878)
Total size (DATA  ) = 0055D   (1373)
Total size (BIT   ) = 00000.0 (0.0)
Total size (NVDATA) = 00000   (0)
Total size (NVBIT ) = 00000.0 (0.0)
Total size (TABLE ) = 0A34B   (41803)

          -----------------------
           Symbol Table Synopsis
          -----------------------

Module         Value     Type         Symbol
------         -----     ----------   ------
i2c
               00:3044   Pub CODE     _i2c_stop
               00:0D22   Pub CODE     _i2c_startReceive
               00:3F94   Pub CODE     _i2c_continue
               00:4F60   Pub CODE     _i2c_startSend
               00:28EE   Pub CODE     _i2c_init
               00:EEAC   Loc DATA     __gsCtrlParam

Module         Value     Type         Symbol
------         -----     ----------   ------
irq
               00:0518   Loc CODE     __intCMP1INT
               00:4350   Loc CODE     __intT32HINT
               00:05B0   Loc CODE     __intCMP0INT
               00:0916   Loc CODE     __intTM8INT
               00:0932   Loc CODE     __intTM9INT
               00:4676   Loc CODE     __intT128HINT
               00:142E   Loc CODE     __intT2HINT
               00:4E76   Loc CODE     __intI2CMINT
               00:4B86   Loc CODE     __intWDTINT
               00:0492   Loc CODE     __intPA0INT
               00:09AA   Loc CODE     __intTMAINT
               00:04F2   Loc CODE     __intPA1INT
               00:4E10   Loc CODE     __intSIO0INT
               00:4CB4   Loc CODE     __intI2CSINT
               00:465A   Loc CODE     __intSADINT
               00:030A   Loc CODE     __intPB0INT
               00:3568   Loc CODE     __branchHdr
               00:096E   Loc CODE     __intTMEINT
               00:0334   Loc CODE     __intPB1INT
               00:4C98   Loc CODE     __intTMBINT
               00:4334   Loc CODE     __intPA2INT
               00:02EE   Loc CODE     __intT16HINT
               00:4C7C   Loc CODE     __intTMFINT
               00:41F6   Loc CODE     __intPB2INT
               00:4212   Loc CODE     __intPB3INT
               00:2A14   Loc CODE     __intPWDINT
               00:2A3E   Loc CODE     __intPWEINT
               00:2FA0   Loc CODE     __intPWCINT
               00:0C32   Loc CODE     __intUA0INT
               00:0904   Loc CODE     __intUndefHdr
               00:0C4E   Loc CODE     __intUA1INT
               00:2F38   Loc CODE     __intPWFINT
               00:437A   Loc CODE     __intVLSINT
               00:3802   Pub CODE     _irq_init
               00:1426   Pub CODE     _irq_di
               00:142A   Pub CODE     _irq_ei
               00:12DE   Pub CODE     _irq_setHdr
               00:21F0   Loc CODE     __intNullHdr
               00:EBAC   Loc DATA     __sIrqHdr

Module         Value     Type         Symbol
------         -----     ----------   ------
main
               00:1310   Pub CODE     _NOPms
               00:0DE8   Pub CODE     _main_clrWDT
               00:05A8   Pub CODE     _main_reqNotHalt
               00:3B34   Pub CODE     _RGB_dataacq
               00:35D2   Pub CODE     _main
               00:2FBC   Pub CODE     _getABS
               00:385C   Pub CODE     _I2C_Write
               00:09C6   Pub CODE     _PortD_Low
               00:08D6   Pub CODE     _write
               00:0326   Pub CODE     _RGB_OFF
               00:0542   Pub CODE     _f_sort
               00:38D2   Pub CODE     _PortC_Low
               00:436C   Pub CODE     _GREEN_ON
               00:050E   Pub CODE     _LED_ON
               00:2A30   Pub CODE     _RED_ON
               00:05CC   Pub CODE     _rgb_2_hsl
               00:42B6   Pub CODE     _hsl_filter_average
               00:282A   Pub CODE     _PortB_Low
               00:0534   Pub CODE     _BLUE_ON
               00:4692   Pub CODE     _LED_OFF
               00:1586   Pub CODE     _PrintToScreen
               00:4B3A   Pub CODE     _I2C_Read
               00:2F54   Pub CODE     _PortA_Low
               00:251C   Pub CODE     _FlashLEDs
               00:3B16   Loc CODE     __funcUartFin
               00:3A24   Loc CODE     _Initialization
               00:08D2   Loc CODE     __intUart
               00:3B28   Loc CODE     __intI2c
               00:455E   Loc CODE     _SetOSC
               00:21F2   Loc CODE     __funcI2CFin
               00:EBFC   Loc DATA     _soundNote
               00:EBFE   Loc DATA     _filter_hsl
               00:EC0A   Loc DATA     _rgb_thresh
               00:EC1A   Loc DATA     _a
               00:EC22   Loc DATA     _b
               00:EC24   Loc DATA     _c
               00:EC26   Loc DATA     _i
               00:EEC0   Loc DATA     _tolerance
               00:EC28   Loc DATA     _hexToDecOffset
               00:EC2A   Loc DATA     _val
               00:EC5C   Loc DATA     _HH
               00:EC64   Loc DATA     _HL
               00:EC6C   Loc DATA     _LH
               00:EC74   Loc DATA     _LL
               00:EC7C   Loc DATA     _SH
               00:EC84   Loc DATA     _SL
               00:EC8C   Loc DATA     _singleChar
               00:EC8E   Loc DATA     _ColorCode
               00:EC90   Loc DATA     _flag
               00:EC92   Loc DATA     _rgb_dark
               00:ECA2   Loc DATA     _sumIndex
               00:ECA4   Loc DATA     _rgb_gain
               00:ECB4   Loc DATA     _rgb_offset1
               00:ECC4   Loc DATA     _rgb_offset2
               00:ECD4   Loc DATA     _bulbIntensity
               00:ECD6   Loc DATA     _wordSize
               00:ECD8   Loc DATA     _lineStr
               00:ECEE   Loc DATA     _checkSum
               00:ECF0   Loc DATA     _prev_hsl_ave
               00:ECF8   Loc DATA     _prevBulbIntensity
               00:02B8   Loc TABLE    __uartSetParam
               00:ED00   Loc DATA     _bulbEnable
               00:ED02   Loc DATA     _deltaHSL
               00:ED0A   Loc DATA     _configH
               00:ED12   Loc DATA     _configS
               00:ED1A   Loc DATA     _configL
               00:ED22   Loc DATA     _bufferSize
               00:000A   Pub TABLE    _RED_DATA_LSBs
               00:0006   Pub TABLE    _sensor_addr
               00:02B2   Pub TABLE    _MODE_CONTROL1
               00:02B4   Pub TABLE    _MODE_CONTROL2
               00:02B6   Pub TABLE    _MODE_CONTROL3
               00:02C2   Pub TABLE    _PERSISTENCE
               00:ED24   Loc DATA     _wordIndex
               00:ED26   Loc DATA     _temp
               00:ED28   Loc DATA     _rgb_avg
               00:ED38   Loc DATA     _FirstColor
               00:ED3A   Loc DATA     _tolH
               00:ED3E   Loc DATA     _tolL
               00:ED42   Loc DATA     _tolS
               00:ED46   Loc DATA     _rgb_max
               00:ED56   Loc DATA     _tempH
               00:ED5A   Loc DATA     _rgb_min
               00:ED6A   Loc DATA     _tempL
               00:EEBC   Loc DATA     _NewLineChar
               00:ED6E   Loc DATA     _tempS
               00:ED72   Loc DATA     _LRC
               00:ED74   Loc DATA     _buffer
               00:EDEC   Loc DATA     _word
               00:EE44   Loc DATA     _line4
               00:EE58   Loc DATA     _line1
               00:EE6E   Loc DATA     _line2
               00:EE82   Loc DATA     _line3
               00:EE92   Loc DATA     _hsl_avg
               00:EE9E   Loc DATA     _colorTolerance

Module         Value     Type         Symbol
------         -----     ----------   ------
ml610112
              0000EFFF   Loc NUMBER   NEAR_RAM_END
              0000E000   Loc NUMBER   NEAR_RAM_START
               00:4EB4   Loc CODE     __wdtcounter_clear
              000000FF   Loc NUMBER   _$$WINVAL
               00:7FFF   Loc TABLE    _$$ROMWINEND
               00:4E96   Loc CODE     $begin
               00:0000   Loc TABLE    _$$ROMWINSTART
               00:4EC8   Loc CODE     __init_loop
               00:4F14   Loc CODE     __init_end
               00:4E94   Loc CODE     $$brk_reset
               00:4ED4   Loc CODE     __skip
               00:4EF0   Loc CODE     __init_loop2
               00:4F02   Loc CODE     __loop_by_byte
               00:4EA4   Loc CODE     __near_ram_loop
               00:4E92   Pub CODE     $$start_up


Module         Value     Type         Symbol
------         -----     ----------   ------
tbc

Module         Value     Type         Symbol
------         -----     ----------   ------
timer
               00:300C   Pub CODE     _tm_init

Module         Value     Type         Symbol
------         -----     ----------   ------
uart
               00:02C4   Pub CODE     _uart_PortSet
               00:2258   Pub CODE     _uart_init
               00:0908   Pub CODE     _uart_ErrSet
               00:38A8   Pub CODE     _uart_stop
               00:13D0   Pub CODE     _uart_startSend
               00:039A   Pub CODE     _uart_continue
               00:239E   Pub CODE     _uart_PortClear
               00:EBA2   Loc DATA     __Err_Status
               00:EEC2   Loc DATA     __gsCtrlParam

Module         Value     Type         Symbol
------         -----     ----------   ------
sprintf_nn

Module         Value     Type         Symbol
------         -----     ----------   ------
memcpy_nf

Module         Value     Type         Symbol
------         -----     ----------   ------
strcat_nn

Module         Value     Type         Symbol
------         -----     ----------   ------
strcpy_nn

Module         Value     Type         Symbol
------         -----     ----------   ------
xprintf_nn

Module         Value     Type         Symbol
------         -----     ----------   ------
xctype

Module         Value     Type         Symbol
------         -----     ----------   ------
strchr_n

Module         Value     Type         Symbol
------         -----     ----------   ------
xputfld

Module         Value     Type         Symbol
------         -----     ----------   ------
xldtob

Module         Value     Type         Symbol
------         -----     ----------   ------
xgenld

Module         Value     Type         Symbol
------         -----     ----------   ------
strlen_f

Module         Value     Type         Symbol
------         -----     ----------   ------
ldiv

Module         Value     Type         Symbol
------         -----     ----------   ------
xldunsca

Module         Value     Type         Symbol
------         -----     ----------   ------
xdnorm

Module         Value     Type         Symbol
------         -----     ----------   ------
memcpy_ff

Module         Value     Type         Symbol
------         -----     ----------   ------
memcpy_fn

Module         Value     Type         Symbol
------         -----     ----------   ------
xlitob

Module         Value     Type         Symbol
------         -----     ----------   ------
strcmp_nn

End of mapfile.
